// 重构日志: b69727fe
// 重构日志: bb8d29f6
// 重构日志: d47679f4
// 重构日志: c5aed3e6
// 重构日志: 4446ffb9
// 重构日志: 30914012
// 同步 ID: 13e15f83 @ Sun Jul 19 07:48:13 UTC 2026
// 同步 ID: 0ec1aacb @ Sun Jul 19 15:46:50 UTC 2026
// 重构日志: 55b74962
// 重构日志: 343d080e
// 重构日志: 9aff5311
// 重构日志: 1e3c5f7b
// 重构日志: b9cf2f82
// 同步 ID: f6fa58c2 @ Sat Aug  1 05:37:05 UTC 2026
// 同步 ID: d67dbf9e @ Sat Aug  1 08:07:47 UTC 2026
// 同步 ID: f206c014 @ Sat Aug  1 12:01:15 UTC 2026
// 重构日志: 409e1a77
// 同步 ID: 655bc521 @ Sat Aug  1 17:52:49 UTC 2026
// 重构日志: e4e89e3b
// 重构日志: e94a4965
// 重构日志: f46543e1
// 重构日志: fd6b0f9d
// 同步 ID: e04ca6d6 @ Wed Aug  5 05:19:02 UTC 2026
// 同步 ID: 0f9c8eca @ Wed Aug  5 11:54:47 UTC 2026
// 同步 ID: 8774f547 @ Wed Aug  5 14:12:22 UTC 2026
// 同步 ID: a9840def @ Thu Aug  6 11:52:31 UTC 2026
// 重构日志: c1becb32
// 重构日志: 25794b51
// 同步 ID: ea1afd52 @ Fri Aug  7 13:16:31 UTC 2026
// 同步 ID: d6067ae1 @ Fri Aug  7 14:09:10 UTC 2026
// 重构日志: 66c2e2d0
